README.md: command not found
Hello World
Awesome
Hello World
Awesome
Hello World
Awesome
Hello World
Awesome
Hello World
Awesome
Hello World
Awesome
Hello World
Awesome
Hello World
Awesome
Hello World
Awesome
Hello World
Awesome
Hello World
Awesome
Hello World
Awesome
Hello World
Awesome
Hello World
Awesome
Hello World
Awesome
Hello World
Awesome
Hello World
Awesome
Hello World
Awesome
Hello World
Awesome
Hello World
Awesome
Hello World
Awesome
Hello World
Awesome
Hello World
Awesome
Hello World
Awesome
Hello World
Awesome
Hello World
Awesome
Hello World
Awesome
Hello World
Awesome
Hello World
Awesome
Hello World
Awesome
Hello World
Awesome
Hello World
Awesome
Hello World
Awesome
Hello World
Awesome
Hello World
Awesome
Hello World
Awesome
Hello World
Awesome
Hello World
Awesome
Hello World
Awesome
Hello World
Awesome
Hello World
Awesome
Hello World
Awesome
Hello World
Awesome
Hello World
Awesome
Hello World
Awesome
Hello World
Awesome
Hello World
Awesome
Hello World
Awesome
Hello World
Awesome
Hello World
Awesome
Hello World
Awesome
Hello World
Awesome
Hello World
Awesome
Hello World
Awesome
Hello World
Awesome
Hello World
Awesome
Hello World
Awesome
Hello World
Awesome
Hello World
Awesome
Hello World
Awesome
Hello World
Awesome
Hello World
Awesome
Hello World
Awesome
Hello World
Awesome
Hello World
Awesome
Hello World
Awesome
Hello World
Awesome
Hello World
Awesome
Hello World
Awesome
Hello World
Awesome
Hello World
Awesome
Hello World
Awesome
Hello World
Awesome
Hello World
Awesome
Hello World
Awesome
Hello World
Awesome
Hello World
Awesome
Hello World
Awesome
Hello World
Awesome
Hello World
Awesome
Hello World
Awesome
Hello World
Awesome
Hello World
Awesome
Hello World
Awesome
Hello World
Awesome
Hello World
Awesome
Hello World
Awesome
Hello World
Awesome
Hello World
Awesome
Hello World
Awesome
Hello World
Awesome
Hello World
Awesome
Hello World
Awesome
Hello World
Awesome
Hello World
Awesome
Hello World
Awesome
Hello World
Awesome
Hello World
Awesome
Hello World
Awesome
Hello World
Awesome
Hello World
Awesome
Hello World
Awesome
Hello World
Awesome
Hello World
Awesome
Hello World
Awesome
Hello World
Awesome
Hello World
Awesome
Hello World
Awesome
Hello World
Awesome
Hello World
Awesome
Hello World
Awesome
Hello World
Awesome
Hello World
Awesome
Hello World
Awesome
Hello World
Awesome
Hello World
Awesome
Hello World
Awesome
Hello World
Awesome
Hello World
Awesome
Hello World
Awesome
Hello World
Awesome
Hello World
Awesome
Hello World
Awesome
Hello World
Awesome
Hello World
Awesome
Hello World
Awesome
Hello World
Awesome
Hello World
Awesome
Hello World
Awesome
Hello World
Awesome
Hello World
Awesome
Hello World
Awesome
Hello World
Awesome
Hello World
Awesome
Hello World
Awesome
Hello World
Awesome
Hello World
Awesome
Hello World
Awesome
Hello World
Awesome
Hello World
Awesome
Hello World
Awesome
Hello World
Awesome
Hello World
Awesome
Hello World
Awesome
Hello World
Awesome
Hello World
Awesome
Hello World
Awesome
Hello World
Awesome
Hello World
Awesome
Hello World
Awesome
Hello World
Awesome
Hello World
Awesome
Hello World
Awesome
Hello World
Awesome
Hello World
Awesome
Hello World
Awesome
Hello World
Awesome
Hello World
Awesome
Hello World
Awesome
Hello World
Awesome
Hello World
Awesome
Hello World
Awesome
Hello World
Awesome
Hello World
Awesome
Hello World
Awesome
Hello World
Awesome
Hello World
Awesome
Hello World
Awesome
Hello World
Awesome
Hello World
Awesome
Hello World
Awesome
Hello World
Awesome
Hello World
Awesome
Hello World
Awesome
Hello World
Awesome
Hello World
Awesome
Hello World
Awesome
Hello World
Awesome
Hello World
Awesome
Hello World
Awesome
Hello World
Awesome
Hello World
Awesome
Hello World
Awesome
Hello World
Awesome
Hello World
Awesome
Hello World
Awesome
Hello World
Awesome
Hello World
Awesome
Hello World
Awesome
Hello World
Awesome
Hello World
Awesome
Hello World
Awesome
Hello World
Awesome
Hello World
Awesome
Hello World
Awesome
Hello World
Awesome
Hello World
Awesome
Hello World
Awesome
Hello World
Awesome
Hello World
Awesome
Hello World
Awesome
Hello World
Awesome
Hello World
Awesome
Hello World
Awesome
Hello World
Awesome
Hello World
Awesome
Hello World
Awesome
Hello World
Awesome
Hello World
Awesome
Hello World
Awesome
Hello World
Awesome
Hello World
Awesome
Hello World
Awesome
Hello World
Awesome
Hello World
Awesome
Hello World
Awesome
Hello World
Awesome
Hello World
Awesome
Hello World
Awesome
Hello World
Awesome
Hello World
Awesome
Hello World
Awesome
Hello World
Awesome
Hello World
Awesome
Hello World
Awesome
Hello World
Awesome
Hello World
Awesome
Hello World
Awesome
Hello World
Awesome
Hello World
Awesome
Hello World
Awesome
Hello World
Awesome
Hello World
Awesome
Hello World
Awesome
Hello World
Awesome
Hello World
Awesome
Hello World
Awesome
Hello World
Awesome
Hello World
Awesome
Hello World
Awesome
Hello World
Awesome
Hello World
Awesome
Hello World
Awesome
Hello World
Awesome
Hello World
Awesome
Hello World
Awesome
Hello World
Awesome
Hello World
Awesome
Hello World
Awesome
Hello World
Awesome
Hello World
Awesome
Hello World
Awesome
Hello World
Awesome
Hello World
Awesome
Hello World
Awesome
Hello World
Awesome
Hello World
Awesome
Hello World
Awesome
Hello World
Awesome
Hello World
Awesome
Hello World
Awesome
Hello World
Awesome
Hello World
Awesome
Hello World
Awesome
Hello World
Awesome
Hello World
Awesome
Hello World
Awesome
Hello World
Awesome
Hello World
Awesome
Hello World
Awesome
Hello World
Awesome
Hello World
Awesome
Hello World
Awesome
Hello World
Awesome
Hello World
Awesome
Hello World
Awesome
Hello World
Awesome
Hello World
Awesome
Hello World
Awesome
Hello World
Awesome
Hello World
Awesome
Hello World
Awesome
Hello World
Awesome
Hello World
Awesome
Hello World
Awesome
Hello World
Awesome
Hello World
Awesome
Hello World
Awesome
Hello World
Awesome
Hello World
Awesome
Hello World
Awesome
Hello World
Awesome
Hello World
Awesome
Hello World
Awesome
Hello World
Awesome
Hello World
Awesome
Hello World
Awesome
Hello World
Awesome
Hello World
Awesome
Hello World
Awesome
Hello World
Awesome
Hello World
Awesome
Hello World
Awesome
Hello World
Awesome
Hello World
Awesome
Hello World
Awesome
Hello World
Awesome
Hello World
Awesome
Hello World
Awesome
Hello World
Awesome
Hello World
Awesome
Hello World
Awesome
Hello World
Awesome
Hello World
Awesome
Hello World
Awesome
Hello World
Awesome
Hello World
Awesome
Hello World
Awesome
Hello World
Awesome
Hello World
Awesome
Hello World
Awesome
Hello World
Awesome
Hello World
Awesome
Hello World
Awesome
Hello World
Awesome
Hello World
Awesome
Hello World
Awesome
Hello World
Awesome
Hello World
Awesome
Hello World
Awesome
Hello World
Awesome
Hello World
Awesome
Hello World
Awesome
Hello World
Awesome
Hello World
Awesome
Hello World
Awesome
Hello World
Awesome
Hello World
Awesome
Hello World
Awesome
Hello World
Awesome
Hello World
Awesome
Hello World
Awesome
Hello World
Awesome
Hello World
Awesome
Hello World
Awesome
Hello World
Awesome
Hello World
Awesome
Hello World
Awesome
Hello World
Awesome
Hello World
Awesome
Hello World
Awesome
Hello World
Awesome
Hello World
Awesome
Hello World
Awesome
Hello World
Awesome
Hello World
Awesome
Hello World
Awesome
Hello World
Awesome
Hello World
Awesome
Hello World
Awesome
Hello World
Awesome
Hello World
Awesome
Hello World
Awesome
Hello World
Awesome
Hello World
Awesome
Hello World
Awesome
Hello World
Awesome
Hello World
Awesome
Hello World
Awesome
Hello World
Awesome
Hello World
Awesome
Hello World
Awesome
Hello World
Awesome
Hello World
Awesome
Hello World
Awesome
Hello World
Awesome
Hello World
Awesome
Hello World
Awesome
Hello World
Awesome
Hello World
Awesome
Hello World
Awesome
Hello World
Awesome
Hello World
Awesome
Hello World
Awesome
Hello World
Awesome
Hello World
Awesome
Hello World
Awesome
Hello World
Awesome
Hello World
Awesome
Hello World
Awesome
Hello World
Awesome
Hello World
Awesome
Hello World
Awesome
Hello World
Awesome
Hello World
Awesome
Hello World
Awesome
Hello World
Awesome
Hello World
Awesome
Hello World
Awesome
Hello World
Awesome
Hello World
Awesome
Hello World
Awesome
Hello World
Awesome
Hello World
Awesome
Hello World
Awesome
Hello World
Awesome
Hello World
Awesome
Hello World
Awesome
Hello World
Awesome
Hello World
Awesome
Hello World
Awesome
Hello World
Awesome
Hello World
Awesome
Hello World
Awesome
Hello World
Awesome
Hello World
Awesome
Hello World
Awesome
Hello World
Awesome
Hello World
Awesome
Hello World
Awesome
Hello World
Awesome
Hello World
Awesome
Hello World
Awesome
Hello World
Awesome
Hello World
Awesome
Hello World
Awesome
Hello World
Awesome
Hello World
Awesome
Hello World
Awesome
Hello World
Awesome
Hello World
Awesome
Hello World
Awesome
Hello World
Awesome
Hello World
Awesome
Hello World
Awesome
Hello World
Awesome
Hello World
Awesome
Hello World
Awesome
Hello World
Awesome
Hello World
Awesome
Hello World
Awesome
Hello World
Awesome
Hello World
Awesome
Hello World
Awesome
Hello World
Awesome
Hello World
Awesome
Hello World
Awesome
Hello World
Awesome
Hello World
Awesome
Hello World
Awesome
Hello World
Awesome
Hello World
Awesome
Hello World
Awesome
Hello World
Awesome
Hello World
Awesome
Hello World
Awesome
Hello World
Awesome
Hello World
Awesome
Hello World
Awesome
Hello World
Awesome
Hello World
Awesome
Hello World
Awesome
Hello World
Awesome
Hello World
Awesome
Hello World
Awesome
Hello World
Awesome
Hello World
Awesome
Hello World
Awesome
Hello World
Awesome
Hello World
Awesome
Hello World
Awesome
Hello World
Awesome
Hello World
Awesome
Hello World
Awesome
Hello World
Awesome
Hello World
Awesome
Hello World
Awesome
Hello World
Awesome
Hello World
Awesome
Hello World
Awesome
Hello World
Awesome
Hello World
Awesome
Hello World
Awesome
Hello World
Awesome
Hello World
Awesome
Hello World
Awesome
Hello World
Awesome
Hello World
Awesome
Hello World
Awesome
Hello World
Awesome
Hello World
Awesome
Hello World
Awesome
Hello World
Awesome
Hello World
Awesome
Hello World
Awesome
Hello World
Awesome
Hello World
Awesome
Hello World
Awesome
Hello World
Awesome
Hello World
Awesome
Hello World
Awesome
Hello World
Awesome
Hello World
Awesome
Hello World
Awesome
Hello World
Awesome
Hello World
Awesome
Hello World
Awesome
Hello World
Awesome
Hello World
Awesome
Hello World
Awesome
Hello World
Awesome
Hello World
Awesome
Hello World
Awesome
Hello World
Awesome
Hello World
Awesome
Hello World
Awesome
Hello World
Awesome
Hello World
Awesome
Hello World
Awesome
Hello World
Awesome
Hello World
Awesome
Hello World
Awesome
Hello World
Awesome
Hello World
Awesome
Hello World
Awesome
Hello World
Awesome
Hello World
Awesome
Hello World
Awesome
Hello World
Awesome
Hello World
Awesome
Hello World
Awesome
Hello World
Awesome
Hello World
Awesome
Hello World
Awesome
Hello World
Awesome
Hello World
Awesome
Hello World
Awesome
Hello World
Awesome
Hello World
Awesome
Hello World
Awesome
Hello World
Awesome
Hello World
Awesome
Hello World
Awesome
Hello World
Awesome
Hello World
Awesome
Hello World
Awesome
Hello World
Awesome
Hello World
Awesome
Hello World
Awesome
Hello World
Awesome
Hello World
Awesome
Hello World
Awesome
Hello World
Awesome
Hello World
Awesome
Hello World
Awesome
Hello World
Awesome
Hello World
Awesome
Hello World
Awesome
Hello World
Awesome
Hello World
Awesome
Hello World
Awesome
Hello World
Awesome
Hello World
Awesome
Hello World
Awesome
Hello World
Awesome
Hello World
Awesome
Hello World
Awesome
Hello World
Awesome
Hello World
Awesome
Hello World
Awesome
Hello World
Awesome
Hello World
Awesome
Hello World
Awesome
Hello World
Awesome
Hello World
Awesome
Hello World
Awesome
Hello World
Awesome
Hello World
Awesome
Hello World
Awesome
Hello World
Awesome
Hello World
Awesome
Hello World
Awesome
Hello World
Awesome
Hello World
Awesome
Hello World
Awesome
Hello World
Awesome
Hello World
Awesome
Hello World
Awesome
Hello World
Awesome
Hello World
Awesome
Hello World
Awesome
Hello World
Awesome
Hello World
Awesome
Hello World
Awesome
Hello World
Awesome
Hello World
Awesome
Hello World
Awesome
Hello World
Awesome
Hello World
Awesome
Hello World
Awesome
Hello World
Awesome
Hello World
Awesome
Hello World
Awesome
Hello World
Awesome
Hello World
Awesome
Hello World
Awesome
Hello World
Awesome
Hello World
Awesome
Hello World
Awesome
Hello World
Awesome
Hello World
Awesome
Hello World
Awesome
Hello World
Awesome
Hello World
Awesome
Hello World
Awesome
Hello World
Awesome
Hello World
Awesome
Hello World
Awesome
Hello World
Awesome
Hello World
Awesome
Hello World
Awesome
Hello World
Awesome
Hello World
Awesome
Hello World
Awesome
Hello World
Awesome
Hello World
Awesome
Hello World
Awesome
Hello World
Awesome
Hello World
Awesome
Hello World
Awesome
Hello World
Awesome
Hello World
Awesome
Hello World
Awesome
Hello World
Awesome
Hello World
Awesome
Hello World
Awesome
Hello World
Awesome
Hello World
Awesome
Hello World
Awesome
Hello World
Awesome
Hello World
Awesome
Hello World
Awesome
Hello World
Awesome
Hello World
Awesome
Hello World
Awesome
Hello World
Awesome
Hello World
Awesome
Hello World
Awesome
Hello World
Awesome
Hello World
Awesome
Hello World
Awesome
Hello World
Awesome
Hello World
Awesome
Hello World
Awesome
Hello World
Awesome
Hello World
Awesome
Hello World
Awesome
Hello World
Awesome
Hello World
Awesome
Hello World
Awesome
Hello World
Awesome
Hello World
Awesome
Hello World
Awesome
Hello World
Awesome
Hello World
Awesome
Hello World
Awesome
Hello World
Awesome
Hello World
Awesome
Hello World
Awesome
Hello World
Awesome
Hello World
Awesome
Hello World
Awesome
Hello World
Awesome
Hello World
Awesome
Hello World
Awesome
Hello World
Awesome
Hello World
Awesome
Hello World
Awesome
Hello World
Awesome
Hello World
Awesome
Hello World
Awesome
Hello World
Awesome
Hello World
Awesome
Hello World
Awesome
Hello World
Awesome
Hello World
Awesome
Hello World
Awesome
Hello World
Awesome
Hello World
Awesome
Hello World
Awesome
Hello World
Awesome
Hello World
Awesome
Hello World
Awesome
Hello World
Awesome
Hello World
Awesome
Hello World
Awesome
Hello World
Awesome
Hello World
Awesome
Hello World
Awesome
Hello World
Awesome
Hello World
Awesome
Hello World
Awesome
Hello World
Awesome
Hello World
Awesome
Hello World
Awesome
Hello World
Awesome
Hello World
Awesome
Hello World
Awesome
Hello World
Awesome
Hello World
Awesome
Hello World
Awesome
Hello World
Awesome
Hello World
Awesome
Hello World
Awesome
Hello World
Awesome
Hello World
Awesome
Hello World
Awesome
Hello World
Awesome
Hello World
Awesome
Hello World
Awesome
Hello World
Awesome
Hello World
Awesome
Hello World
Awesome
Hello World
Awesome
Hello World
Awesome
Hello World
Awesome
Hello World
Awesome
Hello World
Awesome
Hello World
Awesome
Hello World
Awesome
Hello World
Awesome
Hello World
Awesome
Hello World
Awesome
Hello World
Awesome
Hello World
Awesome
Hello World
Awesome
Hello World
Awesome
Hello World
Awesome
Hello World
Awesome
Hello World
Awesome
Hello World
Awesome
Hello World
Awesome
Hello World
Awesome
Hello World
Awesome
Hello World
Awesome
Hello World
Awesome
Hello World
Awesome
Hello World
Awesome
Hello World
Awesome
Hello World
Awesome
Hello World
Awesome
Hello World
Awesome
Hello World
Awesome
Hello World
Awesome
Hello World
Awesome
Hello World
Awesome
Hello World
Awesome
Hello World
Awesome
Hello World
Awesome
Hello World
Awesome
Hello World
Awesome
Hello World
Awesome
Hello World
Awesome
Hello World
Awesome
Hello World
Awesome
Hello World
Awesome
Hello World
Awesome
Hello World
Awesome
Hello World
Awesome
Hello World
Awesome
Hello World
Awesome
Hello World
Awesome
Hello World
Awesome
Hello World
Awesome
Hello World
Awesome
Hello World
Awesome
Hello World
Awesome
Hello World
Awesome
Hello World
Awesome
Hello World
Awesome
Hello World
Awesome
Hello World
Awesome
Hello World
Awesome
Hello World
Awesome
Hello World
Awesome
Hello World
Awesome
Hello World
Awesome
Hello World
Awesome
Hello World
Awesome
Hello World
Awesome
Hello World
Awesome
Hello World
Awesome
Hello World
Awesome
Hello World
Awesome
Hello World
Awesome
Hello World
Awesome
Hello World
Awesome
Hello World
Awesome
Hello World
Awesome
Hello World
Awesome
Hello World
Awesome
Hello World
Awesome
Hello World
Awesome
Hello World
Awesome
Hello World
Awesome
Hello World
Awesome
Hello World
Awesome
Hello World
Awesome
Hello World
Awesome
Hello World
Awesome
Hello World
Awesome
Hello World
Awesome
Hello World
Awesome
Hello World
Awesome
Hello World
Awesome
Hello World
Awesome
Hello World
Awesome
Hello World
Awesome
Hello World
Awesome
Hello World
Awesome
Hello World
Awesome
Hello World
Awesome
Hello World
Awesome
Hello World
Awesome
Hello World
Awesome
Hello World
Awesome
Hello World
Awesome
Hello World
Awesome
Hello World
Awesome
Hello World
Awesome
Hello World
Awesome
Hello World
Awesome
Hello World
Awesome
Hello World
Awesome
Hello World
Awesome
Hello World
Awesome
Hello World
Awesome
Hello World
Awesome
Hello World
Awesome
Hello World
Awesome
Hello World
Awesome
Hello World
Awesome
Hello World
Awesome
Hello World
Awesome
Hello World
Awesome
Hello World
Awesome
Hello World
Awesome
Hello World
Awesome
Hello World
Awesome
Hello World
Awesome
Hello World
Awesome
Hello World
Awesome
Hello World
Awesome
Hello World
Awesome
Hello World
Awesome
Hello World
Awesome
Hello World
Awesome
Hello World
Awesome
Hello World
Awesome
Hello World
Awesome
Hello World
Awesome
Hello World
Awesome
Hello World
Awesome
Hello World
Awesome
Hello World
Awesome
Hello World
Awesome
Hello World
Awesome
Hello World
Awesome
Hello World
Awesome
Hello World
Awesome
Hello World
Awesome
Hello World
Awesome
Hello World
Awesome
Hello World
Awesome
Hello World
Awesome
Hello World
Awesome
Hello World
Awesome
Hello World
Awesome
Hello World
Awesome
Hello World
Awesome
Hello World
Awesome
Hello World
Awesome
Hello World
Awesome
Hello World
Awesome
Hello World
Awesome
Hello World
Awesome
Hello World
Awesome
Hello World
Awesome
Hello World
Awesome
Hello World
Awesome
Hello World
Awesome
Hello World
Awesome
Hello World
Awesome
Hello World
Awesome
Hello World
Awesome
Hello World
Awesome
Hello World
Awesome
Hello World
Awesome
Hello World
Awesome
Hello World
Awesome
Hello World
Awesome
Hello World
Awesome
Hello World
Awesome
Hello World
Awesome
Hello World
Awesome
Hello World
Awesome
Hello World
Awesome
Hello World
Awesome
Hello World
Awesome
Hello World
Awesome
Hello World
Awesome
Hello World
Awesome
Hello World
Awesome
Hello World
Awesome
Hello World
Awesome
Hello World
Awesome
Hello World
Awesome
Hello World
Awesome
Hello World
Awesome
Hello World
Awesome
Hello World
Awesome
Hello World
Awesome
Hello World
Awesome
Hello World
Awesome
Hello World
Awesome
Hello World
Awesome
Hello World
Awesome
Hello World
Awesome
Hello World
Awesome
Hello World
Awesome
Hello World
Awesome
Hello World
Awesome
Hello World
Awesome
Hello World
Awesome
Hello World
Awesome
Hello World
Awesome
Hello World
Awesome
Hello World
Awesome
Hello World
Awesome
Hello World
Awesome
Hello World
Awesome
Hello World
Awesome
Hello World
Awesome
Hello World
Awesome
Hello World
Awesome
Hello World
Awesome
Hello World
Awesome
Hello World
Awesome
Hello World
Awesome
Hello World
Awesome
Hello World
Awesome
Hello World
Awesome
Hello World
Awesome
Hello World
Awesome
Hello World
Awesome
Hello World
Awesome
Hello World
Awesome
Hello World
Awesome
Hello World
Awesome
Hello World
Awesome
Hello World
Awesome
Hello World
Awesome
Hello World
Awesome
Hello World
Awesome
Hello World
Awesome
Hello World
Awesome
Hello World
Awesome
Hello World
Awesome
Hello World
Awesome
Hello World
Awesome
Hello World
Awesome
Hello World
Awesome
Hello World
Awesome
Hello World
Awesome
Hello World
Awesome
Hello World
Awesome
Hello World
Awesome
Hello World
Awesome
Hello World
Awesome
Hello World
Awesome
Hello World
Awesome
Hello World
Awesome
Hello World
Awesome
Hello World
Awesome
Hello World
Awesome
Hello World
Awesome
Hello World
Awesome
Hello World
Awesome
Hello World
Awesome
Hello World
Awesome
Hello World
Awesome
Hello World
Awesome
Hello World
Awesome
Hello World
Awesome
Hello World
Awesome
Hello World
Awesome
Hello World
Awesome
Hello World
Awesome
Hello World
Awesome
Hello World
Awesome
Hello World
Awesome
Hello World
Awesome
Hello World
Awesome
Hello World
Awesome
Hello World
Awesome
Hello World
Awesome
Hello World
Awesome
Hello World
Awesome
Hello World
Awesome
Hello World
Awesome
Hello World
Awesome
Hello World
Awesome
Hello World
Awesome
Hello World
Awesome
Hello World
Awesome
Hello World
Awesome
Hello World
Awesome
Hello World
Awesome
Hello World
Awesome
Hello World
Awesome
Hello World
Awesome
Hello World
Awesome
Hello World
Awesome
Hello World
Awesome
Hello World
Awesome
Hello World
Awesome
Hello World
Awesome
Hello World
Awesome
Hello World
Awesome
Hello World
Awesome
Hello World
Awesome
Hello World
Awesome
Hello World
Awesome
Hello World
Awesome
Hello World
Awesome
Hello World
Awesome
Hello World
Awesome
Hello World
Awesome
Hello World
Awesome
Hello World
Awesome
Hello World
Awesome
Hello World
Awesome
Hello World
Awesome
Hello World
Awesome
Hello World
Awesome
Hello World
Awesome
Hello World
Awesome
Hello World
Awesome
Hello World
Awesome
Hello World
Awesome
Hello World
Awesome
Hello World
Awesome
Hello World
Awesome
Hello World
Awesome
Hello World
Awesome
Hello World
Awesome
Hello World
Awesome
Hello World
Awesome
Hello World
Awesome
Hello World
Awesome
Hello World
Awesome
Hello World
Awesome
Hello World
Awesome
Hello World
Awesome
Hello World
Awesome
Hello World
Awesome
Hello World
Awesome
Hello World
Awesome
Hello World
Awesome
Hello World
Awesome
Hello World
Awesome
Hello World
Awesome
Hello World
Awesome
Hello World
Awesome
Hello World
Awesome
Hello World
Awesome
Hello World
Awesome
Hello World
Awesome
Hello World
Awesome
Hello World
Awesome
Hello World
Awesome
Hello World
Awesome
Hello World
Awesome
Hello World
Awesome
Hello World
Awesome
Hello World
Awesome
Hello World
Awesome
Hello World
Awesome
Hello World
Awesome
Hello World
Awesome
Hello World
Awesome
Hello World
Awesome
Hello World
Awesome
Hello World
Awesome
Hello World
Awesome
Hello World
Awesome
Hello World
Awesome
Hello World
Awesome
Hello World
Awesome
Hello World
Awesome
Hello World
Awesome
Hello World
Awesome
Hello World
Awesome
Hello World
Awesome
Hello World
Awesome
Hello World
Awesome
Hello World
Awesome
Hello World
Awesome
Hello World
Awesome
Hello World
Awesome
Hello World
Awesome
Hello World
Awesome
Hello World
Awesome
Hello World
Awesome
Hello World
Awesome
Hello World
Awesome
Hello World
Awesome
Hello World
Awesome
Hello World
Awesome
Hello World
Awesome
Hello World
Awesome
Hello World
Awesome
Hello World
Awesome
Hello World
Awesome
Hello World
Awesome
Hello World
Awesome
Hello World
Awesome
Hello World
Awesome
Hello World
Awesome
Hello World
Awesome
Hello World
Awesome
Hello World
Awesome
Hello World
Awesome
Hello World
Awesome
Hello World
Awesome
Hello World
Awesome
Hello World
Awesome
Hello World
Awesome
Hello World
Awesome
Hello World
Awesome
Hello World
Awesome
Hello World
Awesome
Hello World
Awesome
Hello World
Awesome
Hello World
Awesome
Hello World
Awesome
Hello World
Awesome
Hello World
Awesome
Hello World
Awesome
Hello World
Awesome
Hello World
Awesome
Hello World
Awesome
Hello World
Awesome
Hello World
Awesome
Hello World
Awesome
Hello World
Awesome
Hello World
Awesome
Hello World
Awesome
Hello World
Awesome
Hello World
Awesome
Hello World
Awesome
Hello World
Awesome
Hello World
Awesome
Hello World
Awesome
Hello World
Awesome
Hello World
Awesome
Hello World
Awesome
Hello World
Awesome
Hello World
Awesome
Hello World
Awesome
Hello World
Awesome
Hello World
Awesome
Hello World
Awesome
Hello World
Awesome
Hello World
Awesome
Hello World
Awesome
Hello World
Awesome
Hello World
Awesome
Hello World
Awesome
Hello World
Awesome
Hello World
Awesome
Hello World
Awesome
Hello World
Awesome
Hello World
Awesome
Hello World
Awesome
Hello World
Awesome
Hello World
Awesome
Hello World
Awesome
Hello World
Awesome
Hello World
Awesome
Hello World
Awesome
Hello World
Awesome
Hello World
Awesome
Hello World
Awesome
Hello World
Awesome
Hello World
Awesome
Hello World
Awesome
Hello World
Awesome
Hello World
Awesome
Hello World
Awesome
Hello World
Awesome
Hello World
Awesome
Hello World
Awesome
Hello World
Awesome
Hello World
Awesome
Hello World
Awesome
Hello World
Awesome
Hello World
Awesome
Hello World
Awesome
Hello World
Awesome
Hello World
Awesome
Hello World
Awesome
Hello World
Awesome
Hello World
Awesome
Hello World
Awesome
Hello World
Awesome
Hello World
Awesome
Hello World
Awesome
Hello World
Awesome
Hello World
Awesome
Hello World
Awesome
Hello World
Awesome
Hello World
Awesome
Hello World
Awesome
Hello World
Awesome
Hello World
Awesome
Hello World
Awesome
Hello World
Awesome
Hello World
Awesome
Hello World
Awesome
Hello World
Awesome
Hello World
Awesome
Hello World
Awesome
Hello World
Awesome
Hello World
Awesome
Hello World
Awesome
Hello World
Awesome
Hello World
Awesome
Hello World
Awesome
Hello World
Awesome
